mpu9250.c:145:5:MPU9250_begin	8	static
mpu9250.c:260:5:MPU9250_setAccelRange	16	static
mpu9250.c:300:5:MPU9250_setGyroRange	16	static
mpu9250.c:340:5:MPU9250_setDlpfBandwidth	16	static
mpu9250.c:402:5:MPU9250_setSrd	16	static
mpu9250.c:443:5:MPU9250_enableDataReadyInterrupt	8	static
mpu9250.c:455:5:MPU9250_disableDataReadyInterrupt	8	static
mpu9250.c:463:5:MPU9250_enableWakeOnMotion	24	static
mpu9250.c:500:5:MPU9250FIFO_enableFifo	24	static
mpu9250.c:519:5:MPU9250_readSensor	8	static
mpu9250.c:556:7:MPU9250_getAccelX_mss	4	static
mpu9250.c:561:7:MPU9250_getAccelY_mss	4	static
mpu9250.c:566:7:MPU9250_getAccelZ_mss	4	static
mpu9250.c:571:7:MPU9250_getGyroX_rads	4	static
mpu9250.c:576:7:MPU9250_getGyroY_rads	4	static
mpu9250.c:581:7:MPU9250_getGyroZ_rads	4	static
mpu9250.c:586:7:MPU9250_getMagX_uT	4	static
mpu9250.c:591:7:MPU9250_getMagY_uT	4	static
mpu9250.c:596:7:MPU9250_getMagZ_uT	4	static
mpu9250.c:601:7:MPU9250_getTemperature_C	4	static
mpu9250.c:606:5:MPU9250FIFO_readFifo	16	static
mpu9250.c:685:6:MPU9250FIFO_getFifoAccelX_mss	16	static
mpu9250.c:691:6:MPU9250FIFO_getFifoAccelY_mss	16	static
mpu9250.c:697:6:MPU9250FIFO_getFifoAccelZ_mss	16	static
mpu9250.c:703:6:MPU9250FIFO_getFifoGyroX_rads	16	static
mpu9250.c:709:6:MPU9250FIFO_getFifoGyroY_rads	16	static
mpu9250.c:715:6:MPU9250FIFO_getFifoGyroZ_rads	16	static
mpu9250.c:721:6:MPU9250FIFO_getFifoMagX_uT	16	static
mpu9250.c:727:6:MPU9250FIFO_getFifoMagY_uT	16	static
mpu9250.c:733:6:MPU9250FIFO_getFifoMagZ_uT	16	static
mpu9250.c:739:6:MPU9250FIFO_getFifoTemperature_C	16	static
mpu9250.c:745:5:MPU9250_calibrateGyro	24	static
mpu9250.c:786:7:MPU9250_getGyroBiasX_rads	4	static
mpu9250.c:791:7:MPU9250_getGyroBiasY_rads	4	static
mpu9250.c:796:7:MPU9250_getGyroBiasZ_rads	4	static
mpu9250.c:801:6:MPU9250_setGyroBiasX_rads	16	static
mpu9250.c:806:6:MPU9250_setGyroBiasY_rads	16	static
mpu9250.c:811:6:MPU9250_setGyroBiasZ_rads	16	static
mpu9250.c:818:5:MPU9250_calibrateAccel	32	static
mpu9250.c:891:7:MPU9250_getAccelBiasX_mss	4	static
mpu9250.c:896:7:MPU9250_getAccelScaleFactorX	4	static
mpu9250.c:901:7:MPU9250_getAccelBiasY_mss	4	static
mpu9250.c:906:7:MPU9250_getAccelScaleFactorY	4	static
mpu9250.c:911:7:MPU9250_getAccelBiasZ_mss	4	static
mpu9250.c:916:7:MPU9250_getAccelScaleFactorZ	4	static
mpu9250.c:921:6:MPU9250_setAccelCalX	16	static
mpu9250.c:927:6:MPU9250_setAccelCalY	16	static
mpu9250.c:933:6:MPU9250_setAccelCalZ	16	static
mpu9250.c:940:5:MPU9250_calibrateMag	16	static
mpu9250.c:1039:7:MPU9250_getMagBiasX_uT	4	static
mpu9250.c:1044:7:MPU9250_getMagScaleFactorX	4	static
mpu9250.c:1049:7:MPU9250_getMagBiasY_uT	4	static
mpu9250.c:1054:7:MPU9250_getMagScaleFactorY	4	static
mpu9250.c:1059:7:MPU9250_getMagBiasZ_uT	4	static
mpu9250.c:1064:7:MPU9250_getMagScaleFactorZ	4	static
mpu9250.c:1069:6:MPU9250_setMagCalX	16	static
mpu9250.c:1075:6:MPU9250_setMagCalY	16	static
mpu9250.c:1081:6:MPU9250_setMagCalZ	16	static
mpu9250.c:1087:5:MPU9250_writeRegister	24	static
mpu9250.c:1109:5:MPU9250_readRegisters	40	static
mpu9250.c:1125:5:MPU9250_writeAK8963Register	16	static
mpu9250.c:1154:5:MPU9250_readAK8963Registers	16	static
mpu9250.c:1176:5:MPU9250_whoAmI	8	static
mpu9250.c:1186:5:MPU9250_whoAmIAK8963	8	static
mpu9250.c:1196:7:map	40	static
